\BOOKMARK [1][-]{section.1}{\376\377\137\025\212\000}{}% 1
\BOOKMARK [1][-]{section.2}{\376\377\145\160\143\156\116\016\145\271\154\325}{}% 2
\BOOKMARK [2][-]{subsection.2.1}{\376\377\170\024\172\166\123\072\127\337\116\016\145\160\143\156}{section.2}% 3
\BOOKMARK [2][-]{subsection.2.2}{\376\377\127\372\121\306\145\271\154\325}{section.2}% 4
\BOOKMARK [2][-]{subsection.2.3}{\376\377\000A\000d\000v\000a\000n\000c\000e\000d\000R\000K\145\271\154\325}{section.2}% 5
\BOOKMARK [3][-]{subsubsection.2.3.1}{\376\377\000S\000t\000e\000p\000\040\0001\377\032\131\032\230\171\137\017\215\213\122\277\150\041\153\143}{subsection.2.3}% 6
\BOOKMARK [3][-]{subsubsection.2.3.2}{\376\377\000S\000t\000e\000p\000\040\0002\377\032\000G\000P\000R\153\213\135\356\172\172\225\364\136\372\152\041}{subsection.2.3}% 7
\BOOKMARK [3][-]{subsubsection.2.3.3}{\376\377\000S\000t\000e\000p\000\040\0003\377\032\207\215\124\010\230\204\155\113}{subsection.2.3}% 8
\BOOKMARK [2][-]{subsection.2.4}{\376\377\140\047\200\375\213\304\117\060\143\007\150\007}{section.2}% 9
\BOOKMARK [2][-]{subsection.2.5}{\376\377\122\033\145\260\122\044\133\232\150\007\121\306}{section.2}% 10
\BOOKMARK [1][-]{section.3}{\376\377\133\236\232\214\176\323\147\234}{}% 11
\BOOKMARK [2][-]{subsection.3.1}{\376\377\131\032\226\066\153\265\232\214\213\301\213\276\177\156}{section.3}% 12
\BOOKMARK [2][-]{subsection.3.2}{\376\377\127\372\121\306\145\271\154\325\140\047\200\375\133\371\153\324}{section.3}% 13
\BOOKMARK [2][-]{subsection.3.3}{\376\377\000A\000d\000v\000a\000n\000c\000e\000d\000R\000K\145\271\154\325\131\032\226\066\153\265\232\214\213\301\176\323\147\234}{section.3}% 14
\BOOKMARK [2][-]{subsection.3.4}{\376\377\116\016\121\166\116\326\122\033\145\260\145\271\154\325\133\371\153\324}{section.3}% 15
\BOOKMARK [2][-]{subsection.3.5}{\376\377\123\125\145\345\213\346\176\306\143\007\150\007\133\371\153\324}{section.3}% 16
\BOOKMARK [1][-]{section.4}{\376\377\213\250\213\272}{}% 17
\BOOKMARK [2][-]{subsection.4.1}{\376\377\145\271\154\325\122\006\147\220}{section.4}% 18
\BOOKMARK [2][-]{subsection.4.2}{\376\377\150\070\121\375\145\160\133\371\153\324\122\006\147\220}{section.4}% 19
\BOOKMARK [2][-]{subsection.4.3}{\376\377\131\032\226\066\153\265\232\214\213\301\166\204\141\017\116\111}{section.4}% 20
\BOOKMARK [2][-]{subsection.4.4}{\376\377\145\271\154\325\117\030\122\277}{section.4}% 21
\BOOKMARK [2][-]{subsection.4.5}{\376\377\147\052\147\145\145\071\217\333\145\271\124\021}{section.4}% 22
\BOOKMARK [1][-]{section.5}{\376\377\176\323\213\272}{}% 23
